⚠ Blocked cross-origin request to Next.js dev resource /_next/hmr from "127.0.0.1".
Cross-origin access to Next.js dev resources is blocked by default for safety.

To allow this host in development, add it to "allowedDevOrigins" in next.config.js and restart the dev server:

// next.config.js
module.exports = {
  allowedDevOrigins: ['127.0.0.1'],
}

Read more: https://nextjs.org/docs/app/api-reference/config/next-config-js/allowedDevOrigins
⚠ Blocked cross-origin request to Next.js dev resource /__nextjs_font/geist-latin.woff2 from "127.0.0.1".
Cross-origin access to Next.js dev resources is blocked by default for safety.

To allow this host in development, add it to "allowedDevOrigins" in next.config.js and restart the dev server:

// next.config.js
module.exports = {
  allowedDevOrigins: ['127.0.0.1'],
}

Read more: https://nextjs.org/docs/app/api-reference/config/next-config-js/allowedDevOrigins
[31m[auth][error][0m MissingCSRF: CSRF token was missing during an action signout. Read more at https://errors.authjs.dev#missingcsrf
    at validateCSRF (E:\Development\WebDev\learnhub\.next\dev\server\chunks\node_modules_@auth_core_0gltlle._.js:1892:11)
    at AuthInternal (E:\Development\WebDev\learnhub\.next\dev\server\chunks\node_modules_@auth_core_0gltlle._.js:2519:222)
    at async Auth (E:\Development\WebDev\learnhub\.next\dev\server\chunks\node_modules_@auth_core_0gltlle._.js:350:34)
    at async AppRouteRouteModule.do (E:\Development\WebDev\learnhub\node_modules\next\dist\compiled\next-server\app-route-turbo.runtime.dev.js:5:42793)
    at async AppRouteRouteModule.handle (E:\Development\WebDev\learnhub\node_modules\next\dist\compiled\next-server\app-route-turbo.runtime.dev.js:5:50547)
    at async responseGenerator (E:\Development\WebDev\learnhub\.next\dev\server\chunks\node_modules_next_06xpkpi._.js:5328:30)
    at async AppRouteRouteModule.handleResponse (E:\Development\WebDev\learnhub\node_modules\next\dist\compiled\next-server\app-route-turbo.runtime.dev.js:1:250435)
    at async handleResponse (E:\Development\WebDev\learnhub\.next\dev\server\chunks\node_modules_next_06xpkpi._.js:5400:32)
    at async Module.handler (E:\Development\WebDev\learnhub\.next\dev\server\chunks\node_modules_next_06xpkpi._.js:5520:9)
    at async DevServer.renderToResponseWithComponentsImpl (E:\Development\WebDev\learnhub\node_modules\next\dist\server\base-server.js:1537:9)
    at async DevServer.renderPageComponent (E:\Development\WebDev\learnhub\node_modules\next\dist\server\base-server.js:1589:24)
    at async DevServer.renderToResponseImpl (E:\Development\WebDev\learnhub\node_modules\next\dist\server\base-server.js:1639:32)
    at async DevServer.pipeImpl (E:\Development\WebDev\learnhub\node_modules\next\dist\server\base-server.js:1088:25)
    at async NextNodeServer.handleCatchallRenderRequest (E:\Development\WebDev\learnhub\node_modules\next\dist\server\next-server.js:338:17)
    at async DevServer.handleRequestImpl (E:\Development\WebDev\learnhub\node_modules\next\dist\server\base-server.js:979:17)
    at async E:\Development\WebDev\learnhub\node_modules\next\dist\server\dev\next-dev-server.js:426:20
    at async Span.traceAsyncFn (E:\Development\WebDev\learnhub\node_modules\next\dist\trace\trace.js:164:20)
    at async DevServer.handleRequest (E:\Development\WebDev\learnhub\node_modules\next\dist\server\dev\next-dev-server.js:422:24)
    at async invokeRender (E:\Development\WebDev\learnhub\node_modules\next\dist\server\lib\router-server.js:306:21)
    at async handleRequest (E:\Development\WebDev\learnhub\node_modules\next\dist\server\lib\router-server.js:508:24)
    at async requestHandlerImpl (E:\Development\WebDev\learnhub\node_modules\next\dist\server\lib\router-server.js:565:13)
    at async Server.requestListener (E:\Development\WebDev\learnhub\node_modules\next\dist\server\lib\start-server.js:225:13)
